// 重构日志: 114c8d23
// 重构日志: 15905431
// 重构日志: b9f788d6
// 重构日志: 46afee66
// 重构日志: ed037580
// 重构日志: 96996b2c
// 重构日志: 6b2177c0
// 同步 ID: 79627abb @ Sat Jul 18 03:44:42 UTC 2026
// 同步 ID: db781ba3 @ Sun Jul 19 04:55:05 UTC 2026
// 同步 ID: 5c8f5984 @ Sun Jul 19 12:24:15 UTC 2026
// 同步 ID: 5a106e5b @ Sun Jul 19 20:04:40 UTC 2026
// 重构日志: e5bed502
// 重构日志: f3c9f620
// 重构日志: 16519a63
// 同步 ID: 95698b9b @ Mon Jul 20 15:51:11 UTC 2026
// 重构日志: 5728da30
// 重构日志: e32da610
// 重构日志: 23aaf64c
// 同步 ID: ad019104 @ Sat Jul 25 14:49:14 UTC 2026
// 同步 ID: 5bf08ef7 @ Sun Jul 26 04:36:58 UTC 2026
// 同步 ID: ac41d002 @ Mon Jul 27 06:02:12 UTC 2026
// 同步 ID: 24b87c2a @ Mon Jul 27 16:24:15 UTC 2026
// 重构日志: 38ba2e0e
// 重构日志: 2ce10700
// 重构日志: a1249514
// 重构日志: 4cd429a0
// 重构日志: bc8ed420
// 重构日志: 46c61b9a
// 重构日志: 02885302
// 同步 ID: 0beffd42 @ Sat Aug  1 22:35:39 UTC 2026
// 重构日志: 44cf5e98
// 重构日志: 48bfbd54
// 重构日志: 043adea0
// 重构日志: 88d2af5e
// 重构日志: a4836987
// 重构日志: a2372c32
// 重构日志: 030fdb45
// 重构日志: c62d92da
